MPLINK 4.49, Linker
Linker Map File - Created Thu Apr 19 04:02:01 2018

                                 Section Info
                  Section       Type    Address   Location Size(Bytes)
                ---------  ---------  ---------  ---------  ---------
                   .org_0       code   0x000000    program   0x000028



                              Program Memory Usage 
                               Start         End      
                           ---------   ---------      
                            0x000000    0x000013      
            20 out of 8454 program addresses used, program memory utilization is 0%



                              Symbols - Sorted by Name
                     Name    Address   Location    Storage File                     
                ---------  ---------  ---------  --------- ---------                
                    delay   0x00000b    program     static H:\DP_MPLAB\Lab02\1prog.asm
                  delayin   0x00000f    program     static H:\DP_MPLAB\Lab02\1prog.asm
                   delayx   0x00000d    program     static H:\DP_MPLAB\Lab02\1prog.asm
                     loop   0x000007    program     static H:\DP_MPLAB\Lab02\1prog.asm
                    start   0x000005    program     static H:\DP_MPLAB\Lab02\1prog.asm



                              Symbols - Sorted by Address
                     Name    Address   Location    Storage File                     
                ---------  ---------  ---------  --------- ---------                
                    start   0x000005    program     static H:\DP_MPLAB\Lab02\1prog.asm
                     loop   0x000007    program     static H:\DP_MPLAB\Lab02\1prog.asm
                    delay   0x00000b    program     static H:\DP_MPLAB\Lab02\1prog.asm
                   delayx   0x00000d    program     static H:\DP_MPLAB\Lab02\1prog.asm
                  delayin   0x00000f    program     static H:\DP_MPLAB\Lab02\1prog.asm


