MPLINK 4.49, Linker
Linker Map File - Created Thu Apr 19 09:32:44 2018

                                 Section Info
                  Section       Type    Address   Location Size(Bytes)
                ---------  ---------  ---------  ---------  ---------
                   .org_0       code   0x000000    program   0x000092



                              Program Memory Usage 
                               Start         End      
                           ---------   ---------      
                            0x000000    0x000048      
            73 out of 8454 program addresses used, program memory utilization is 0%



                              Symbols - Sorted by Name
                     Name    Address   Location    Storage File                     
                ---------  ---------  ---------  --------- ---------                
                 Backward   0x000026    program     static H:\DP_MPLAB\Stepper\Stepper.asm
                  Forward   0x000033    program     static H:\DP_MPLAB\Stepper\Stepper.asm
                     btn2   0x00000e    program     static H:\DP_MPLAB\Stepper\Stepper.asm
                    dec90   0x000016    program     static H:\DP_MPLAB\Stepper\Stepper.asm
                   dec90s   0x00001a    program     static H:\DP_MPLAB\Stepper\Stepper.asm
                    delay   0x000040    program     static H:\DP_MPLAB\Stepper\Stepper.asm
                  delayin   0x000044    program     static H:\DP_MPLAB\Stepper\Stepper.asm
                   delayx   0x000042    program     static H:\DP_MPLAB\Stepper\Stepper.asm
                    inc90   0x00001e    program     static H:\DP_MPLAB\Stepper\Stepper.asm
                   inc90s   0x000021    program     static H:\DP_MPLAB\Stepper\Stepper.asm
                     main   0x000007    program     static H:\DP_MPLAB\Stepper\Stepper.asm
                    start   0x000007    program     static H:\DP_MPLAB\Stepper\Stepper.asm



                              Symbols - Sorted by Address
                     Name    Address   Location    Storage File                     
                ---------  ---------  ---------  --------- ---------                
                     main   0x000007    program     static H:\DP_MPLAB\Stepper\Stepper.asm
                    start   0x000007    program     static H:\DP_MPLAB\Stepper\Stepper.asm
                     btn2   0x00000e    program     static H:\DP_MPLAB\Stepper\Stepper.asm
                    dec90   0x000016    program     static H:\DP_MPLAB\Stepper\Stepper.asm
                   dec90s   0x00001a    program     static H:\DP_MPLAB\Stepper\Stepper.asm
                    inc90   0x00001e    program     static H:\DP_MPLAB\Stepper\Stepper.asm
                   inc90s   0x000021    program     static H:\DP_MPLAB\Stepper\Stepper.asm
                 Backward   0x000026    program     static H:\DP_MPLAB\Stepper\Stepper.asm
                  Forward   0x000033    program     static H:\DP_MPLAB\Stepper\Stepper.asm
                    delay   0x000040    program     static H:\DP_MPLAB\Stepper\Stepper.asm
                   delayx   0x000042    program     static H:\DP_MPLAB\Stepper\Stepper.asm
                  delayin   0x000044    program     static H:\DP_MPLAB\Stepper\Stepper.asm


