MPLINK 4.49, Linker
Linker Map File - Created Thu Apr 19 06:50:53 2018

                                 Section Info
                  Section       Type    Address   Location Size(Bytes)
                ---------  ---------  ---------  ---------  ---------
                   .org_0       code   0x000000    program   0x000000
                   .org_1       code   0x000000    program   0x00005a



                              Program Memory Usage 
                               Start         End      
                           ---------   ---------      
                            0x000000    0x00002c      
            45 out of 8454 program addresses used, program memory utilization is 0%



                              Symbols - Sorted by Name
                     Name    Address   Location    Storage File                     
                ---------  ---------  ---------  --------- ---------                
                     Conv   0x00000f    program     static H:\DP_MPLAB\Lab05\Lab05.asm
                    Delay   0x00000d    program     static H:\DP_MPLAB\Lab05\Lab05.asm
                     Main   0x00000a    program     static H:\DP_MPLAB\Lab05\Lab05.asm
                    Start   0x000001    program     static H:\DP_MPLAB\Lab05\Lab05.asm
                    Table   0x000018    program     static H:\DP_MPLAB\Lab05\Lab05.asm
                 Tableupd   0x000029    program     static H:\DP_MPLAB\Lab05\Lab05.asm



                              Symbols - Sorted by Address
                     Name    Address   Location    Storage File                     
                ---------  ---------  ---------  --------- ---------                
                    Start   0x000001    program     static H:\DP_MPLAB\Lab05\Lab05.asm
                     Main   0x00000a    program     static H:\DP_MPLAB\Lab05\Lab05.asm
                    Delay   0x00000d    program     static H:\DP_MPLAB\Lab05\Lab05.asm
                     Conv   0x00000f    program     static H:\DP_MPLAB\Lab05\Lab05.asm
                    Table   0x000018    program     static H:\DP_MPLAB\Lab05\Lab05.asm
                 Tableupd   0x000029    program     static H:\DP_MPLAB\Lab05\Lab05.asm


