MPLINK 4.49, Linker
Linker Map File - Created Wed Feb 28 11:33:53 2018

                                 Section Info
                  Section       Type    Address   Location Size(Bytes)
                ---------  ---------  ---------  ---------  ---------
                   .org_0       code   0x000000    program   0x00004c



                              Program Memory Usage 
                               Start         End      
                           ---------   ---------      
                            0x000000    0x000025      
            38 out of 8454 program addresses used, program memory utilization is 0%



                              Symbols - Sorted by Name
                     Name    Address   Location    Storage File                     
                ---------  ---------  ---------  --------- ---------                
                    Table   0x000012    program     static H:\DP_MPLAB\Lab03\lab03.asm
                    delay   0x00001d    program     static H:\DP_MPLAB\Lab03\lab03.asm
                  delayin   0x000021    program     static H:\DP_MPLAB\Lab03\lab03.asm
                   delayx   0x00001f    program     static H:\DP_MPLAB\Lab03\lab03.asm
                  loopsub   0x00000a    program     static H:\DP_MPLAB\Lab03\lab03.asm
                    start   0x000006    program     static H:\DP_MPLAB\Lab03\lab03.asm



                              Symbols - Sorted by Address
                     Name    Address   Location    Storage File                     
                ---------  ---------  ---------  --------- ---------                
                    start   0x000006    program     static H:\DP_MPLAB\Lab03\lab03.asm
                  loopsub   0x00000a    program     static H:\DP_MPLAB\Lab03\lab03.asm
                    Table   0x000012    program     static H:\DP_MPLAB\Lab03\lab03.asm
                    delay   0x00001d    program     static H:\DP_MPLAB\Lab03\lab03.asm
                   delayx   0x00001f    program     static H:\DP_MPLAB\Lab03\lab03.asm
                  delayin   0x000021    program     static H:\DP_MPLAB\Lab03\lab03.asm


