MPLINK 4.49, Linker
Linker Map File - Created Thu Apr 19 00:01:26 2018

                                 Section Info
                  Section       Type    Address   Location Size(Bytes)
                ---------  ---------  ---------  ---------  ---------
                   .org_0       code   0x000000    program   0x000000
                   .org_1       code   0x000000    program   0x00018c
   .config_300001_BUGGY.O    romdata   0x300001    program   0x000001
   .config_300002_BUGGY.O    romdata   0x300002    program   0x000001
   .config_300003_BUGGY.O    romdata   0x300003    program   0x000001
   .config_300005_BUGGY.O    romdata   0x300005    program   0x000001
   .config_300006_BUGGY.O    romdata   0x300006    program   0x000001
   .config_300008_BUGGY.O    romdata   0x300008    program   0x000001
   .config_300009_BUGGY.O    romdata   0x300009    program   0x000001
   .config_30000A_BUGGY.O    romdata   0x30000a    program   0x000001
   .config_30000B_BUGGY.O    romdata   0x30000b    program   0x000001
   .config_30000C_BUGGY.O    romdata   0x30000c    program   0x000001
   .config_30000D_BUGGY.O    romdata   0x30000d    program   0x000001



                              Program Memory Usage 
                               Start         End      
                           ---------   ---------      
                            0x000000    0x00018b      
                            0x300001    0x300003      
                            0x300005    0x300006      
                            0x300008    0x30000d      
            407 out of 33048 program addresses used, program memory utilization is 1%



                              Symbols - Sorted by Name
                     Name    Address   Location    Storage File                     
                ---------  ---------  ---------  --------- ---------                
                 Backward   0x000026    program     static H:\DP_MPLAB\Buggy\Buggy.asm
                  Forward   0x00008c    program     static H:\DP_MPLAB\Buggy\Buggy.asm
                    Leftb   0x000048    program     static H:\DP_MPLAB\Buggy\Buggy.asm
                    Leftf   0x0000ae    program     static H:\DP_MPLAB\Buggy\Buggy.asm
                   Rightb   0x00006a    program     static H:\DP_MPLAB\Buggy\Buggy.asm
                   Rightf   0x0000d2    program     static H:\DP_MPLAB\Buggy\Buggy.asm
                      SBB   0x000132    program     static H:\DP_MPLAB\Buggy\Buggy.asm
                      SLB   0x000114    program     static H:\DP_MPLAB\Buggy\Buggy.asm
                     SLB2   0x000124    program     static H:\DP_MPLAB\Buggy\Buggy.asm
                      SRB   0x0000f6    program     static H:\DP_MPLAB\Buggy\Buggy.asm
                     SRB2   0x000106    program     static H:\DP_MPLAB\Buggy\Buggy.asm
                    Start   0x000000    program     static H:\DP_MPLAB\Buggy\Buggy.asm
                   bsense   0x00015e    program     static H:\DP_MPLAB\Buggy\Buggy.asm
                    delay   0x00016a    program     static H:\DP_MPLAB\Buggy\Buggy.asm
                delayMove   0x000180    program     static H:\DP_MPLAB\Buggy\Buggy.asm
               delayMove1   0x000184    program     static H:\DP_MPLAB\Buggy\Buggy.asm
                  delayin   0x000172    program     static H:\DP_MPLAB\Buggy\Buggy.asm
                   delayx   0x00016e    program     static H:\DP_MPLAB\Buggy\Buggy.asm
                   lsense   0x000140    program     static H:\DP_MPLAB\Buggy\Buggy.asm
                     main   0x000012    program     static H:\DP_MPLAB\Buggy\Buggy.asm
                   rsense   0x00014e    program     static H:\DP_MPLAB\Buggy\Buggy.asm



                              Symbols - Sorted by Address
                     Name    Address   Location    Storage File                     
                ---------  ---------  ---------  --------- ---------                
                    Start   0x000000    program     static H:\DP_MPLAB\Buggy\Buggy.asm
                     main   0x000012    program     static H:\DP_MPLAB\Buggy\Buggy.asm
                 Backward   0x000026    program     static H:\DP_MPLAB\Buggy\Buggy.asm
                    Leftb   0x000048    program     static H:\DP_MPLAB\Buggy\Buggy.asm
                   Rightb   0x00006a    program     static H:\DP_MPLAB\Buggy\Buggy.asm
                  Forward   0x00008c    program     static H:\DP_MPLAB\Buggy\Buggy.asm
                    Leftf   0x0000ae    program     static H:\DP_MPLAB\Buggy\Buggy.asm
                   Rightf   0x0000d2    program     static H:\DP_MPLAB\Buggy\Buggy.asm
                      SRB   0x0000f6    program     static H:\DP_MPLAB\Buggy\Buggy.asm
                     SRB2   0x000106    program     static H:\DP_MPLAB\Buggy\Buggy.asm
                      SLB   0x000114    program     static H:\DP_MPLAB\Buggy\Buggy.asm
                     SLB2   0x000124    program     static H:\DP_MPLAB\Buggy\Buggy.asm
                      SBB   0x000132    program     static H:\DP_MPLAB\Buggy\Buggy.asm
                   lsense   0x000140    program     static H:\DP_MPLAB\Buggy\Buggy.asm
                   rsense   0x00014e    program     static H:\DP_MPLAB\Buggy\Buggy.asm
                   bsense   0x00015e    program     static H:\DP_MPLAB\Buggy\Buggy.asm
                    delay   0x00016a    program     static H:\DP_MPLAB\Buggy\Buggy.asm
                   delayx   0x00016e    program     static H:\DP_MPLAB\Buggy\Buggy.asm
                  delayin   0x000172    program     static H:\DP_MPLAB\Buggy\Buggy.asm
                delayMove   0x000180    program     static H:\DP_MPLAB\Buggy\Buggy.asm
               delayMove1   0x000184    program     static H:\DP_MPLAB\Buggy\Buggy.asm


